Archive member included to satisfy reference by file (symbol)

/home/mdube/.eclipse/org.eclipse.platform_4.6.1_155965261_linux_gtk_x86_64/plugins/fr.ac6.mcu.externaltools.arm-none.linux64_1.11.0.201610101240/tools/gcc-arm-none-eabi-5_4-2016q2/bin/../lib/gcc/arm-none-eabi/5.4.1/armv6-m/libgcc.a(_udivsi3.o)
                              Drivers/CMSIS/system_stm32f0xx.o (__aeabi_uidiv)
/home/mdube/.eclipse/org.eclipse.platform_4.6.1_155965261_linux_gtk_x86_64/plugins/fr.ac6.mcu.externaltools.arm-none.linux64_1.11.0.201610101240/tools/gcc-arm-none-eabi-5_4-2016q2/bin/../lib/gcc/arm-none-eabi/5.4.1/armv6-m/libgcc.a(_dvmd_tls.o)
                              /home/mdube/.eclipse/org.eclipse.platform_4.6.1_155965261_linux_gtk_x86_64/plugins/fr.ac6.mcu.externaltools.arm-none.linux64_1.11.0.201610101240/tools/gcc-arm-none-eabi-5_4-2016q2/bin/../lib/gcc/arm-none-eabi/5.4.1/armv6-m/libgcc.a(_udivsi3.o) (__aeabi_idiv0)
/home/mdube/.eclipse/org.eclipse.platform_4.6.1_155965261_linux_gtk_x86_64/plugins/fr.ac6.mcu.externaltools.arm-none.linux64_1.11.0.201610101240/tools/gcc-arm-none-eabi-5_4-2016q2/bin/../lib/gcc/arm-none-eabi/5.4.1/armv6-m/libgcc.a(_lshrdi3.o)
                              Drivers/STM32F0xx_HAL_Driver/stm32f0xx_hal_flash.o (__aeabi_llsr)
/home/mdube/.eclipse/org.eclipse.platform_4.6.1_155965261_linux_gtk_x86_64/plugins/fr.ac6.mcu.externaltools.arm-none.linux64_1.11.0.201610101240/tools/gcc-arm-none-eabi-5_4-2016q2/bin/../lib/gcc/arm-none-eabi/5.4.1/../../../../arm-none-eabi/lib/armv6-m/libc_nano.a(lib_a-exit.o)
                              /home/mdube/.eclipse/org.eclipse.platform_4.6.1_155965261_linux_gtk_x86_64/plugins/fr.ac6.mcu.externaltools.arm-none.linux64_1.11.0.201610101240/tools/gcc-arm-none-eabi-5_4-2016q2/bin/../lib/gcc/arm-none-eabi/5.4.1/../../../../arm-none-eabi/lib/armv6-m/crt0.o (exit)
/home/mdube/.eclipse/org.eclipse.platform_4.6.1_155965261_linux_gtk_x86_64/plugins/fr.ac6.mcu.externaltools.arm-none.linux64_1.11.0.201610101240/tools/gcc-arm-none-eabi-5_4-2016q2/bin/../lib/gcc/arm-none-eabi/5.4.1/../../../../arm-none-eabi/lib/armv6-m/libc_nano.a(lib_a-impure.o)
                              /home/mdube/.eclipse/org.eclipse.platform_4.6.1_155965261_linux_gtk_x86_64/plugins/fr.ac6.mcu.externaltools.arm-none.linux64_1.11.0.201610101240/tools/gcc-arm-none-eabi-5_4-2016q2/bin/../lib/gcc/arm-none-eabi/5.4.1/../../../../arm-none-eabi/lib/armv6-m/libc_nano.a(lib_a-exit.o) (_global_impure_ptr)
/home/mdube/.eclipse/org.eclipse.platform_4.6.1_155965261_linux_gtk_x86_64/plugins/fr.ac6.mcu.externaltools.arm-none.linux64_1.11.0.201610101240/tools/gcc-arm-none-eabi-5_4-2016q2/bin/../lib/gcc/arm-none-eabi/5.4.1/../../../../arm-none-eabi/lib/armv6-m/libc_nano.a(lib_a-init.o)
                              /home/mdube/.eclipse/org.eclipse.platform_4.6.1_155965261_linux_gtk_x86_64/plugins/fr.ac6.mcu.externaltools.arm-none.linux64_1.11.0.201610101240/tools/gcc-arm-none-eabi-5_4-2016q2/bin/../lib/gcc/arm-none-eabi/5.4.1/../../../../arm-none-eabi/lib/armv6-m/crt0.o (__libc_init_array)
/home/mdube/.eclipse/org.eclipse.platform_4.6.1_155965261_linux_gtk_x86_64/plugins/fr.ac6.mcu.externaltools.arm-none.linux64_1.11.0.201610101240/tools/gcc-arm-none-eabi-5_4-2016q2/bin/../lib/gcc/arm-none-eabi/5.4.1/../../../../arm-none-eabi/lib/armv6-m/libc_nano.a(lib_a-memcpy-stub.o)
                              Drivers/STM32F0xx_HAL_Driver/stm32f0xx_hal_rcc.o (memcpy)
/home/mdube/.eclipse/org.eclipse.platform_4.6.1_155965261_linux_gtk_x86_64/plugins/fr.ac6.mcu.externaltools.arm-none.linux64_1.11.0.201610101240/tools/gcc-arm-none-eabi-5_4-2016q2/bin/../lib/gcc/arm-none-eabi/5.4.1/../../../../arm-none-eabi/lib/armv6-m/libc_nano.a(lib_a-memset.o)
                              /home/mdube/.eclipse/org.eclipse.platform_4.6.1_155965261_linux_gtk_x86_64/plugins/fr.ac6.mcu.externaltools.arm-none.linux64_1.11.0.201610101240/tools/gcc-arm-none-eabi-5_4-2016q2/bin/../lib/gcc/arm-none-eabi/5.4.1/../../../../arm-none-eabi/lib/armv6-m/crt0.o (memset)
/home/mdube/.eclipse/org.eclipse.platform_4.6.1_155965261_linux_gtk_x86_64/plugins/fr.ac6.mcu.externaltools.arm-none.linux64_1.11.0.201610101240/tools/gcc-arm-none-eabi-5_4-2016q2/bin/../lib/gcc/arm-none-eabi/5.4.1/../../../../arm-none-eabi/lib/armv6-m/libnosys.a(_exit.o)
                              /home/mdube/.eclipse/org.eclipse.platform_4.6.1_155965261_linux_gtk_x86_64/plugins/fr.ac6.mcu.externaltools.arm-none.linux64_1.11.0.201610101240/tools/gcc-arm-none-eabi-5_4-2016q2/bin/../lib/gcc/arm-none-eabi/5.4.1/../../../../arm-none-eabi/lib/armv6-m/libc_nano.a(lib_a-exit.o) (_exit)

Allocating common symbols
Common symbol       size              file

uwTick              0x4               Drivers/STM32F0xx_HAL_Driver/stm32f0xx_hal.o
pFlash              0x20              Drivers/STM32F0xx_HAL_Driver/stm32f0xx_hal_flash.o

Discarded input sections

[...]
Memory Configuration

Name             Origin             Length             Attributes
RAM              0x20000000         0x00004000         xrw
FLASH            0x08000000         0x00020000         xr
*default*        0x00000000         0xffffffff

Linker script and memory map

LOAD /home/mdube/.eclipse/org.eclipse.platform_4.6.1_155965261_linux_gtk_x86_64/plugins/fr.ac6.mcu.externaltools.arm-none.linux64_1.11.0.201610101240/tools/gcc-arm-none-eabi-5_4-2016q2/bin/../lib/gcc/arm-none-eabi/5.4.1/armv6-m/crti.o
LOAD /home/mdube/.eclipse/org.eclipse.platform_4.6.1_155965261_linux_gtk_x86_64/plugins/fr.ac6.mcu.externaltools.arm-none.linux64_1.11.0.201610101240/tools/gcc-arm-none-eabi-5_4-2016q2/bin/../lib/gcc/arm-none-eabi/5.4.1/armv6-m/crtbegin.o
LOAD /home/mdube/.eclipse/org.eclipse.platform_4.6.1_155965261_linux_gtk_x86_64/plugins/fr.ac6.mcu.externaltools.arm-none.linux64_1.11.0.201610101240/tools/gcc-arm-none-eabi-5_4-2016q2/bin/../lib/gcc/arm-none-eabi/5.4.1/../../../../arm-none-eabi/lib/armv6-m/crt0.o
LOAD /home/mdube/.eclipse/org.eclipse.platform_4.6.1_155965261_linux_gtk_x86_64/plugins/fr.ac6.mcu.externaltools.arm-none.linux64_1.11.0.201610101240/tools/gcc-arm-none-eabi-5_4-2016q2/bin/../lib/gcc/arm-none-eabi/5.4.1/../../../../arm-none-eabi/lib/armv6-m/libm.a
LOAD Application/SW4STM32/startup_stm32f072xb.o
LOAD Drivers/CMSIS/system_stm32f0xx.o
LOAD Drivers/STM32F0xx_HAL_Driver/stm32f0xx_hal.o
LOAD Drivers/STM32F0xx_HAL_Driver/stm32f0xx_hal_cortex.o
LOAD Drivers/STM32F0xx_HAL_Driver/stm32f0xx_hal_dma.o
LOAD Drivers/STM32F0xx_HAL_Driver/stm32f0xx_hal_flash.o
LOAD Drivers/STM32F0xx_HAL_Driver/stm32f0xx_hal_flash_ex.o
LOAD Drivers/STM32F0xx_HAL_Driver/stm32f0xx_hal_gpio.o
LOAD Drivers/STM32F0xx_HAL_Driver/stm32f0xx_hal_i2c.o
LOAD Drivers/STM32F0xx_HAL_Driver/stm32f0xx_hal_i2c_ex.o
LOAD Drivers/STM32F0xx_HAL_Driver/stm32f0xx_hal_pwr.o
LOAD Drivers/STM32F0xx_HAL_Driver/stm32f0xx_hal_pwr_ex.o
LOAD Drivers/STM32F0xx_HAL_Driver/stm32f0xx_hal_rcc.o
LOAD Drivers/STM32F0xx_HAL_Driver/stm32f0xx_hal_rcc_ex.o
LOAD Drivers/STM32F0xx_HAL_Driver/stm32f0xx_hal_tim.o
LOAD Drivers/STM32F0xx_HAL_Driver/stm32f0xx_hal_tim_ex.o
LOAD Src/hf.o
LOAD Src/main.o
LOAD Src/stm32f0xx_hal_msp.o
LOAD Src/stm32f0xx_it.o
START GROUP
LOAD /home/mdube/.eclipse/org.eclipse.platform_4.6.1_155965261_linux_gtk_x86_64/plugins/fr.ac6.mcu.externaltools.arm-none.linux64_1.11.0.201610101240/tools/gcc-arm-none-eabi-5_4-2016q2/bin/../lib/gcc/arm-none-eabi/5.4.1/armv6-m/libgcc.a
LOAD /home/mdube/.eclipse/org.eclipse.platform_4.6.1_155965261_linux_gtk_x86_64/plugins/fr.ac6.mcu.externaltools.arm-none.linux64_1.11.0.201610101240/tools/gcc-arm-none-eabi-5_4-2016q2/bin/../lib/gcc/arm-none-eabi/5.4.1/../../../../arm-none-eabi/lib/armv6-m/libc_nano.a
END GROUP
START GROUP
LOAD /home/mdube/.eclipse/org.eclipse.platform_4.6.1_155965261_linux_gtk_x86_64/plugins/fr.ac6.mcu.externaltools.arm-none.linux64_1.11.0.201610101240/tools/gcc-arm-none-eabi-5_4-2016q2/bin/../lib/gcc/arm-none-eabi/5.4.1/armv6-m/libgcc.a
LOAD /home/mdube/.eclipse/org.eclipse.platform_4.6.1_155965261_linux_gtk_x86_64/plugins/fr.ac6.mcu.externaltools.arm-none.linux64_1.11.0.201610101240/tools/gcc-arm-none-eabi-5_4-2016q2/bin/../lib/gcc/arm-none-eabi/5.4.1/../../../../arm-none-eabi/lib/armv6-m/libc_nano.a
LOAD /home/mdube/.eclipse/org.eclipse.platform_4.6.1_155965261_linux_gtk_x86_64/plugins/fr.ac6.mcu.externaltools.arm-none.linux64_1.11.0.201610101240/tools/gcc-arm-none-eabi-5_4-2016q2/bin/../lib/gcc/arm-none-eabi/5.4.1/../../../../arm-none-eabi/lib/armv6-m/libnosys.a
END GROUP
START GROUP
LOAD /home/mdube/.eclipse/org.eclipse.platform_4.6.1_155965261_linux_gtk_x86_64/plugins/fr.ac6.mcu.externaltools.arm-none.linux64_1.11.0.201610101240/tools/gcc-arm-none-eabi-5_4-2016q2/bin/../lib/gcc/arm-none-eabi/5.4.1/armv6-m/libgcc.a
LOAD /home/mdube/.eclipse/org.eclipse.platform_4.6.1_155965261_linux_gtk_x86_64/plugins/fr.ac6.mcu.externaltools.arm-none.linux64_1.11.0.201610101240/tools/gcc-arm-none-eabi-5_4-2016q2/bin/../lib/gcc/arm-none-eabi/5.4.1/../../../../arm-none-eabi/lib/armv6-m/libc_nano.a
LOAD /home/mdube/.eclipse/org.eclipse.platform_4.6.1_155965261_linux_gtk_x86_64/plugins/fr.ac6.mcu.externaltools.arm-none.linux64_1.11.0.201610101240/tools/gcc-arm-none-eabi-5_4-2016q2/bin/../lib/gcc/arm-none-eabi/5.4.1/../../../../arm-none-eabi/lib/armv6-m/libnosys.a
END GROUP
LOAD /home/mdube/.eclipse/org.eclipse.platform_4.6.1_155965261_linux_gtk_x86_64/plugins/fr.ac6.mcu.externaltools.arm-none.linux64_1.11.0.201610101240/tools/gcc-arm-none-eabi-5_4-2016q2/bin/../lib/gcc/arm-none-eabi/5.4.1/armv6-m/crtend.o
LOAD /home/mdube/.eclipse/org.eclipse.platform_4.6.1_155965261_linux_gtk_x86_64/plugins/fr.ac6.mcu.externaltools.arm-none.linux64_1.11.0.201610101240/tools/gcc-arm-none-eabi-5_4-2016q2/bin/../lib/gcc/arm-none-eabi/5.4.1/armv6-m/crtn.o
                0x20004000                _estack = 0x20004000
                0x00000200                _Min_Heap_Size = 0x200
                0x00000400                _Min_Stack_Size = 0x400

.isr_vector     0x08000000       0xc0
                0x08000000                . = ALIGN (0x4)
 *(.isr_vector)
 .isr_vector    0x08000000       0xc0 Application/SW4STM32/startup_stm32f072xb.o
                0x08000000                g_pfnVectors
                0x080000c0                . = ALIGN (0x4)

.text           0x080000c0      0xdd4
                0x080000c0                . = ALIGN (0x4)
 *(.text)
 .text          0x080000c0       0x60 /home/mdube/.eclipse/org.eclipse.platform_4.6.1_155965261_linux_gtk_x86_64/plugins/fr.ac6.mcu.externaltools.arm-none.linux64_1.11.0.201610101240/tools/gcc-arm-none-eabi-5_4-2016q2/bin/../lib/gcc/arm-none-eabi/5.4.1/armv6-m/crtbegin.o
 .text          0x08000120      0x114 /home/mdube/.eclipse/org.eclipse.platform_4.6.1_155965261_linux_gtk_x86_64/plugins/fr.ac6.mcu.externaltools.arm-none.linux64_1.11.0.201610101240/tools/gcc-arm-none-eabi-5_4-2016q2/bin/../lib/gcc/arm-none-eabi/5.4.1/armv6-m/libgcc.a(_udivsi3.o)
                0x08000120                __udivsi3
                0x08000120                __aeabi_uidiv
                0x0800022c                __aeabi_uidivmod
 .text          0x08000234        0x4 /home/mdube/.eclipse/org.eclipse.platform_4.6.1_155965261_linux_gtk_x86_64/plugins/fr.ac6.mcu.externaltools.arm-none.linux64_1.11.0.201610101240/tools/gcc-arm-none-eabi-5_4-2016q2/bin/../lib/gcc/arm-none-eabi/5.4.1/armv6-m/libgcc.a(_dvmd_tls.o)
                0x08000234                __aeabi_ldiv0
                0x08000234                __aeabi_idiv0
 *(.text*)
 .text.Reset_Handler
                0x08000238       0x50 Application/SW4STM32/startup_stm32f072xb.o
                0x08000238                Reset_Handler
 .text.Default_Handler
                0x08000288        0x2 Application/SW4STM32/startup_stm32f072xb.o
                0x08000288                TIM1_CC_IRQHandler
                0x08000288                TSC_IRQHandler
                0x08000288                HardFault_Handler
                0x08000288                ADC1_COMP_IRQHandler
                0x08000288                NMI_Handler
                0x08000288                I2C1_IRQHandler
                0x08000288                RCC_CRS_IRQHandler
                0x08000288                SPI1_IRQHandler
                0x08000288                TIM6_DAC_IRQHandler
                0x08000288                USART3_4_IRQHandler
                0x08000288                EXTI2_3_IRQHandler
                0x08000288                I2C2_IRQHandler
                0x08000288                TIM17_IRQHandler
                0x08000288                CEC_CAN_IRQHandler
                0x08000288                RTC_IRQHandler
                0x08000288                PVD_VDDIO2_IRQHandler
                0x08000288                DMA1_Channel4_5_6_7_IRQHandler
                0x08000288                TIM16_IRQHandler
                0x08000288                TIM3_IRQHandler
                0x08000288                EXTI4_15_IRQHandler
                0x08000288                DMA1_Channel1_IRQHandler
                0x08000288                Default_Handler
                0x08000288                TIM14_IRQHandler
                0x08000288                TIM7_IRQHandler
                0x08000288                TIM15_IRQHandler
                0x08000288                EXTI0_1_IRQHandler
                0x08000288                USB_IRQHandler
                0x08000288                SPI2_IRQHandler
                0x08000288                WWDG_IRQHandler
                0x08000288                TIM2_IRQHandler
                0x08000288                DMA1_Channel2_3_IRQHandler
                0x08000288                USART2_IRQHandler
                0x08000288                FLASH_IRQHandler
                0x08000288                USART1_IRQHandler
                0x08000288                TIM1_BRK_UP_TRG_COM_IRQHandler
 *fill*         0x0800028a        0x2 
 .text.SystemInit
                0x0800028c       0x60 Drivers/CMSIS/system_stm32f0xx.o
                0x0800028c                SystemInit
 .text.HAL_InitTick
                0x080002ec       0x24 Drivers/STM32F0xx_HAL_Driver/stm32f0xx_hal.o
                0x080002ec                HAL_InitTick
 .text.HAL_Init
                0x08000310       0x20 Drivers/STM32F0xx_HAL_Driver/stm32f0xx_hal.o
                0x08000310                HAL_Init
 .text.HAL_IncTick
                0x08000330       0x10 Drivers/STM32F0xx_HAL_Driver/stm32f0xx_hal.o
                0x08000330                HAL_IncTick
 .text.HAL_GetTick
                0x08000340        0xc Drivers/STM32F0xx_HAL_Driver/stm32f0xx_hal.o
                0x08000340                HAL_GetTick
 .text.HAL_Delay
                0x0800034c       0x18 Drivers/STM32F0xx_HAL_Driver/stm32f0xx_hal.o
                0x0800034c                HAL_Delay
 .text.HAL_NVIC_SetPriority
                0x08000364       0x60 Drivers/STM32F0xx_HAL_Driver/stm32f0xx_hal_cortex.o
                0x08000364                HAL_NVIC_SetPriority
 .text.HAL_SYSTICK_Config
                0x080003c4       0x34 Drivers/STM32F0xx_HAL_Driver/stm32f0xx_hal_cortex.o
                0x080003c4                HAL_SYSTICK_Config
 .text.HAL_SYSTICK_CLKSourceConfig
                0x080003f8       0x1c Drivers/STM32F0xx_HAL_Driver/stm32f0xx_hal_cortex.o
                0x080003f8                HAL_SYSTICK_CLKSourceConfig
 .text.HAL_SYSTICK_Callback
                0x08000414        0x2 Drivers/STM32F0xx_HAL_Driver/stm32f0xx_hal_cortex.o
                0x08000414                HAL_SYSTICK_Callback
 .text.HAL_SYSTICK_IRQHandler
                0x08000416        0x8 Drivers/STM32F0xx_HAL_Driver/stm32f0xx_hal_cortex.o
                0x08000416                HAL_SYSTICK_IRQHandler
 *fill*         0x0800041e        0x2 
 .text.HAL_GPIO_Init
                0x08000420      0x17c Drivers/STM32F0xx_HAL_Driver/stm32f0xx_hal_gpio.o
                0x08000420                HAL_GPIO_Init
 .text.HAL_GPIO_WritePin
                0x0800059c        0xc Drivers/STM32F0xx_HAL_Driver/stm32f0xx_hal_gpio.o
                0x0800059c                HAL_GPIO_WritePin
 .text.HAL_RCC_OscConfig
                0x080005a8      0x478 Drivers/STM32F0xx_HAL_Driver/stm32f0xx_hal_rcc.o
                0x080005a8                HAL_RCC_OscConfig
 .text.HAL_RCC_GetSysClockFreq
                0x08000a20       0x78 Drivers/STM32F0xx_HAL_Driver/stm32f0xx_hal_rcc.o
                0x08000a20                HAL_RCC_GetSysClockFreq
 .text.HAL_RCC_ClockConfig
                0x08000a98      0x158 Drivers/STM32F0xx_HAL_Driver/stm32f0xx_hal_rcc.o
                0x08000a98                HAL_RCC_ClockConfig
 .text.HAL_RCC_GetHCLKFreq
                0x08000bf0        0xc Drivers/STM32F0xx_HAL_Driver/stm32f0xx_hal_rcc.o
                0x08000bf0                HAL_RCC_GetHCLKFreq
 .text.tick_led_pattern
                0x08000bfc       0x5c Src/hf.o
                0x08000bfc                tick_led_pattern
 .text.run_led_infinity
                0x08000c58       0x10 Src/hf.o
                0x08000c58                run_led_infinity
 .text.SystemClock_Config
                0x08000c68       0x6a Src/main.o
                0x08000c68                SystemClock_Config
 *fill*         0x08000cd2        0x2 
 .text.startup.main
                0x08000cd4       0xf8 Src/main.o
                0x08000cd4                main
 .text.HAL_MspInit
                0x08000dcc       0x40 Src/stm32f0xx_hal_msp.o
                0x08000dcc                HAL_MspInit
 .text.SVC_Handler
                0x08000e0c        0x2 Src/stm32f0xx_it.o
                0x08000e0c                SVC_Handler
 .text.PendSV_Handler
                0x08000e0e        0x2 Src/stm32f0xx_it.o
                0x08000e0e                PendSV_Handler
 .text.SysTick_Handler
                0x08000e10        0xc Src/stm32f0xx_it.o
                0x08000e10                SysTick_Handler
 .text.__libc_init_array
                0x08000e1c       0x4c /home/mdube/.eclipse/org.eclipse.platform_4.6.1_155965261_linux_gtk_x86_64/plugins/fr.ac6.mcu.externaltools.arm-none.linux64_1.11.0.201610101240/tools/gcc-arm-none-eabi-5_4-2016q2/bin/../lib/gcc/arm-none-eabi/5.4.1/../../../../arm-none-eabi/lib/armv6-m/libc_nano.a(lib_a-init.o)
                0x08000e1c                __libc_init_array
 .text.memcpy   0x08000e68       0x12 /home/mdube/.eclipse/org.eclipse.platform_4.6.1_155965261_linux_gtk_x86_64/plugins/fr.ac6.mcu.externaltools.arm-none.linux64_1.11.0.201610101240/tools/gcc-arm-none-eabi-5_4-2016q2/bin/../lib/gcc/arm-none-eabi/5.4.1/../../../../arm-none-eabi/lib/armv6-m/libc_nano.a(lib_a-memcpy-stub.o)
                0x08000e68                memcpy
 *(.glue_7)
 .glue_7        0x08000e7a        0x0 linker stubs
 *(.glue_7t)
 .glue_7t       0x08000e7a        0x0 linker stubs
 *(.eh_frame)
 *fill*         0x08000e7a        0x2 
 .eh_frame      0x08000e7c        0x0 /home/mdube/.eclipse/org.eclipse.platform_4.6.1_155965261_linux_gtk_x86_64/plugins/fr.ac6.mcu.externaltools.arm-none.linux64_1.11.0.201610101240/tools/gcc-arm-none-eabi-5_4-2016q2/bin/../lib/gcc/arm-none-eabi/5.4.1/armv6-m/crtbegin.o
 *(.init)
 .init          0x08000e7c        0x4 /home/mdube/.eclipse/org.eclipse.platform_4.6.1_155965261_linux_gtk_x86_64/plugins/fr.ac6.mcu.externaltools.arm-none.linux64_1.11.0.201610101240/tools/gcc-arm-none-eabi-5_4-2016q2/bin/../lib/gcc/arm-none-eabi/5.4.1/armv6-m/crti.o
                0x08000e7c                _init
 .init          0x08000e80        0x8 /home/mdube/.eclipse/org.eclipse.platform_4.6.1_155965261_linux_gtk_x86_64/plugins/fr.ac6.mcu.externaltools.arm-none.linux64_1.11.0.201610101240/tools/gcc-arm-none-eabi-5_4-2016q2/bin/../lib/gcc/arm-none-eabi/5.4.1/armv6-m/crtn.o
 *(.fini)
 .fini          0x08000e88        0x4 /home/mdube/.eclipse/org.eclipse.platform_4.6.1_155965261_linux_gtk_x86_64/plugins/fr.ac6.mcu.externaltools.arm-none.linux64_1.11.0.201610101240/tools/gcc-arm-none-eabi-5_4-2016q2/bin/../lib/gcc/arm-none-eabi/5.4.1/armv6-m/crti.o
                0x08000e88                _fini
 .fini          0x08000e8c        0x8 /home/mdube/.eclipse/org.eclipse.platform_4.6.1_155965261_linux_gtk_x86_64/plugins/fr.ac6.mcu.externaltools.arm-none.linux64_1.11.0.201610101240/tools/gcc-arm-none-eabi-5_4-2016q2/bin/../lib/gcc/arm-none-eabi/5.4.1/armv6-m/crtn.o
                0x08000e94                . = ALIGN (0x4)
                0x08000e94                _etext = .

.vfp11_veneer   0x08000e94        0x0
 .vfp11_veneer  0x08000e94        0x0 linker stubs

.v4_bx          0x08000e94        0x0
 .v4_bx         0x08000e94        0x0 linker stubs

.iplt           0x08000e94        0x0
 .iplt          0x08000e94        0x0 /home/mdube/.eclipse/org.eclipse.platform_4.6.1_155965261_linux_gtk_x86_64/plugins/fr.ac6.mcu.externaltools.arm-none.linux64_1.11.0.201610101240/tools/gcc-arm-none-eabi-5_4-2016q2/bin/../lib/gcc/arm-none-eabi/5.4.1/armv6-m/crtbegin.o

.rodata         0x08000e94       0x70
                0x08000e94                . = ALIGN (0x4)
 *(.rodata)
 .rodata        0x08000e94       0x18 Drivers/CMSIS/system_stm32f0xx.o
                0x08000e94                AHBPrescTable
                0x08000ea4                APBPrescTable
 .rodata        0x08000eac       0x20 Drivers/STM32F0xx_HAL_Driver/stm32f0xx_hal_rcc.o
 .rodata        0x08000ecc       0x38 Src/hf.o
 *(.rodata*)
                0x08000f04                . = ALIGN (0x4)

.rel.dyn        0x08000f04        0x0
 .rel.iplt      0x08000f04        0x0 /home/mdube/.eclipse/org.eclipse.platform_4.6.1_155965261_linux_gtk_x86_64/plugins/fr.ac6.mcu.externaltools.arm-none.linux64_1.11.0.201610101240/tools/gcc-arm-none-eabi-5_4-2016q2/bin/../lib/gcc/arm-none-eabi/5.4.1/armv6-m/crtbegin.o

.ARM.extab
 *(.ARM.extab* .gnu.linkonce.armextab.*)

.ARM            0x08000f04        0x0
                0x08000f04                __exidx_start = .
 *(.ARM.exidx*)
                0x08000f04                __exidx_end = .

.preinit_array  0x08000f04        0x0
                0x08000f04                PROVIDE (__preinit_array_start, .)
 *(.preinit_array*)
                0x08000f04                PROVIDE (__preinit_array_end, .)

.init_array     0x08000f04        0x4
                0x08000f04                PROVIDE (__init_array_start, .)
 *(SORT(.init_array.*))
 *(.init_array*)
 .init_array    0x08000f04        0x4 /home/mdube/.eclipse/org.eclipse.platform_4.6.1_155965261_linux_gtk_x86_64/plugins/fr.ac6.mcu.externaltools.arm-none.linux64_1.11.0.201610101240/tools/gcc-arm-none-eabi-5_4-2016q2/bin/../lib/gcc/arm-none-eabi/5.4.1/armv6-m/crtbegin.o
                0x08000f08                PROVIDE (__init_array_end, .)

.fini_array     0x08000f08        0x4
                [!provide]                PROVIDE (__fini_array_start, .)
 *(SORT(.fini_array.*))
 *(.fini_array*)
 .fini_array    0x08000f08        0x4 /home/mdube/.eclipse/org.eclipse.platform_4.6.1_155965261_linux_gtk_x86_64/plugins/fr.ac6.mcu.externaltools.arm-none.linux64_1.11.0.201610101240/tools/gcc-arm-none-eabi-5_4-2016q2/bin/../lib/gcc/arm-none-eabi/5.4.1/armv6-m/crtbegin.o
                [!provide]                PROVIDE (__fini_array_end, .)
                0x08000f0c                _sidata = LOADADDR (.data)

.data           0x20000000      0x1c4 load address 0x08000f0c
                0x20000000                . = ALIGN (0x4)
                0x20000000                _sdata = .
 *(.data)
 .data          0x20000000        0x4 Drivers/CMSIS/system_stm32f0xx.o
                0x20000000                SystemCoreClock
 .data          0x20000004      0x1c0 Src/hf.o
                0x20000004                LEDS_PATTERN_INFINITY
                0x2000000c                LEDS_PATTERN_DLOOP
                0x20000014                LEDS_ACTIONS_DLOOP
                0x20000094                LEDS_GROUP_2_5
                0x200000a4                LEDS_GROUP_1_4
                0x200000b4                LEDS_GROUP_0_6
                0x200000c4                LEDS_ACTIONS_INFINITY
 *(.data*)
                0x200001c4                . = ALIGN (0x4)
                0x200001c4                _edata = .

.jcr            0x200001c4        0x0 load address 0x080010d0
 .jcr           0x200001c4        0x0 /home/mdube/.eclipse/org.eclipse.platform_4.6.1_155965261_linux_gtk_x86_64/plugins/fr.ac6.mcu.externaltools.arm-none.linux64_1.11.0.201610101240/tools/gcc-arm-none-eabi-5_4-2016q2/bin/../lib/gcc/arm-none-eabi/5.4.1/armv6-m/crtbegin.o

.igot.plt       0x200001c4        0x0 load address 0x080010d0
 .igot.plt      0x200001c4        0x0 /home/mdube/.eclipse/org.eclipse.platform_4.6.1_155965261_linux_gtk_x86_64/plugins/fr.ac6.mcu.externaltools.arm-none.linux64_1.11.0.201610101240/tools/gcc-arm-none-eabi-5_4-2016q2/bin/../lib/gcc/arm-none-eabi/5.4.1/armv6-m/crtbegin.o
                0x200001c4                . = ALIGN (0x4)

.bss            0x200001c4       0x24 load address 0x080010d0
                0x200001c4                _sbss = .
                0x200001c4                __bss_start__ = _sbss
 *(.bss)
 .bss           0x200001c4       0x1c /home/mdube/.eclipse/org.eclipse.platform_4.6.1_155965261_linux_gtk_x86_64/plugins/fr.ac6.mcu.externaltools.arm-none.linux64_1.11.0.201610101240/tools/gcc-arm-none-eabi-5_4-2016q2/bin/../lib/gcc/arm-none-eabi/5.4.1/armv6-m/crtbegin.o
 .bss           0x200001e0        0x4 Src/hf.o
                0x200001e0                LED_PATTERN_COUNTER
 *(.bss*)
 *(COMMON)
 COMMON         0x200001e4        0x4 Drivers/STM32F0xx_HAL_Driver/stm32f0xx_hal.o
                0x200001e4                uwTick
                0x200001e8                . = ALIGN (0x4)
                0x200001e8                _ebss = .
                0x200001e8                __bss_end__ = _ebss

._user_heap_stack
                0x200001e8      0x600 load address 0x080010d0
                0x200001e8                . = ALIGN (0x8)
                [!provide]                PROVIDE (end, .)
                [!provide]                PROVIDE (_end, .)
                0x200003e8                . = (. + _Min_Heap_Size)
 *fill*         0x200001e8      0x200 
                0x200007e8                . = (. + _Min_Stack_Size)
 *fill*         0x200003e8      0x400 
                0x200007e8                . = ALIGN (0x8)

/DISCARD/
 libc.a(*)
 libm.a(*)
 libgcc.a(*)

.ARM.attributes
                0x00000000       0x28
 *(.ARM.attributes)
 .ARM.attributes
                0x00000000       0x1e /home/mdube/.eclipse/org.eclipse.platform_4.6.1_155965261_linux_gtk_x86_64/plugins/fr.ac6.mcu.externaltools.arm-none.linux64_1.11.0.201610101240/tools/gcc-arm-none-eabi-5_4-2016q2/bin/../lib/gcc/arm-none-eabi/5.4.1/armv6-m/crti.o
 .ARM.attributes
                0x0000001e       0x2c /home/mdube/.eclipse/org.eclipse.platform_4.6.1_155965261_linux_gtk_x86_64/plugins/fr.ac6.mcu.externaltools.arm-none.linux64_1.11.0.201610101240/tools/gcc-arm-none-eabi-5_4-2016q2/bin/../lib/gcc/arm-none-eabi/5.4.1/armv6-m/crtbegin.o
 .ARM.attributes
                0x0000004a       0x21 Application/SW4STM32/startup_stm32f072xb.o
 .ARM.attributes
                0x0000006b       0x31 Drivers/CMSIS/system_stm32f0xx.o
 .ARM.attributes
                0x0000009c       0x31 Drivers/STM32F0xx_HAL_Driver/stm32f0xx_hal.o
 .ARM.attributes
                0x000000cd       0x31 Drivers/STM32F0xx_HAL_Driver/stm32f0xx_hal_cortex.o
 .ARM.attributes
                0x000000fe       0x31 Drivers/STM32F0xx_HAL_Driver/stm32f0xx_hal_gpio.o
 .ARM.attributes
                0x0000012f       0x31 Drivers/STM32F0xx_HAL_Driver/stm32f0xx_hal_rcc.o
 .ARM.attributes
                0x00000160       0x31 Src/hf.o
 .ARM.attributes
                0x00000191       0x31 Src/main.o
 .ARM.attributes
                0x000001c2       0x31 Src/stm32f0xx_hal_msp.o
 .ARM.attributes
                0x000001f3       0x31 Src/stm32f0xx_it.o
 .ARM.attributes
                0x00000224       0x1e /home/mdube/.eclipse/org.eclipse.platform_4.6.1_155965261_linux_gtk_x86_64/plugins/fr.ac6.mcu.externaltools.arm-none.linux64_1.11.0.201610101240/tools/gcc-arm-none-eabi-5_4-2016q2/bin/../lib/gcc/arm-none-eabi/5.4.1/armv6-m/libgcc.a(_udivsi3.o)
 .ARM.attributes
                0x00000242       0x1e /home/mdube/.eclipse/org.eclipse.platform_4.6.1_155965261_linux_gtk_x86_64/plugins/fr.ac6.mcu.externaltools.arm-none.linux64_1.11.0.201610101240/tools/gcc-arm-none-eabi-5_4-2016q2/bin/../lib/gcc/arm-none-eabi/5.4.1/armv6-m/libgcc.a(_dvmd_tls.o)
 .ARM.attributes
                0x00000260       0x2c /home/mdube/.eclipse/org.eclipse.platform_4.6.1_155965261_linux_gtk_x86_64/plugins/fr.ac6.mcu.externaltools.arm-none.linux64_1.11.0.201610101240/tools/gcc-arm-none-eabi-5_4-2016q2/bin/../lib/gcc/arm-none-eabi/5.4.1/../../../../arm-none-eabi/lib/armv6-m/libc_nano.a(lib_a-init.o)
 .ARM.attributes
                0x0000028c       0x2c /home/mdube/.eclipse/org.eclipse.platform_4.6.1_155965261_linux_gtk_x86_64/plugins/fr.ac6.mcu.externaltools.arm-none.linux64_1.11.0.201610101240/tools/gcc-arm-none-eabi-5_4-2016q2/bin/../lib/gcc/arm-none-eabi/5.4.1/../../../../arm-none-eabi/lib/armv6-m/libc_nano.a(lib_a-memcpy-stub.o)
 .ARM.attributes
                0x000002b8       0x1e /home/mdube/.eclipse/org.eclipse.platform_4.6.1_155965261_linux_gtk_x86_64/plugins/fr.ac6.mcu.externaltools.arm-none.linux64_1.11.0.201610101240/tools/gcc-arm-none-eabi-5_4-2016q2/bin/../lib/gcc/arm-none-eabi/5.4.1/armv6-m/crtn.o
OUTPUT(test3.elf elf32-littlearm)

.debug_line     0x00000000     0x59fb
 .debug_line    0x00000000       0xe7 Application/SW4STM32/startup_stm32f072xb.o
 .debug_line    0x000000e7      0x94e Drivers/CMSIS/system_stm32f0xx.o
 .debug_line    0x00000a35      0xa2d Drivers/STM32F0xx_HAL_Driver/stm32f0xx_hal.o
 .debug_line    0x00001462      0xa7c Drivers/STM32F0xx_HAL_Driver/stm32f0xx_hal_cortex.o
 .debug_line    0x00001ede      0xa82 Drivers/STM32F0xx_HAL_Driver/stm32f0xx_hal_gpio.o
 .debug_line    0x00002960      0xc35 Drivers/STM32F0xx_HAL_Driver/stm32f0xx_hal_rcc.o
 .debug_line    0x00003595      0x969 Src/hf.o
 .debug_line    0x00003efe      0x93b Src/main.o
 .debug_line    0x00004839      0x8d6 Src/stm32f0xx_hal_msp.o
 .debug_line    0x0000510f      0x8ec Src/stm32f0xx_it.o

.debug_info     0x00000000     0x313d
 .debug_info    0x00000000       0xcb Application/SW4STM32/startup_stm32f072xb.o
 .debug_info    0x000000cb      0x24b Drivers/CMSIS/system_stm32f0xx.o
 .debug_info    0x00000316      0x5ba Drivers/STM32F0xx_HAL_Driver/stm32f0xx_hal.o
 .debug_info    0x000008d0      0x7c3 Drivers/STM32F0xx_HAL_Driver/stm32f0xx_hal_cortex.o
 .debug_info    0x00001093      0x5ea Drivers/STM32F0xx_HAL_Driver/stm32f0xx_hal_gpio.o
 .debug_info    0x0000167d      0x9d8 Drivers/STM32F0xx_HAL_Driver/stm32f0xx_hal_rcc.o
 .debug_info    0x00002055      0x517 Src/hf.o
 .debug_info    0x0000256c      0x811 Src/main.o
 .debug_info    0x00002d7d      0x2e5 Src/stm32f0xx_hal_msp.o
 .debug_info    0x00003062       0xdb Src/stm32f0xx_it.o

.debug_abbrev   0x00000000      0xeca
 .debug_abbrev  0x00000000       0x12 Application/SW4STM32/startup_stm32f072xb.o
 .debug_abbrev  0x00000012       0xf3 Drivers/CMSIS/system_stm32f0xx.o
 .debug_abbrev  0x00000105      0x1de Drivers/STM32F0xx_HAL_Driver/stm32f0xx_hal.o
 .debug_abbrev  0x000002e3      0x276 Drivers/STM32F0xx_HAL_Driver/stm32f0xx_hal_cortex.o
 .debug_abbrev  0x00000559      0x1d2 Drivers/STM32F0xx_HAL_Driver/stm32f0xx_hal_gpio.o
 .debug_abbrev  0x0000072b      0x254 Drivers/STM32F0xx_HAL_Driver/stm32f0xx_hal_rcc.o
 .debug_abbrev  0x0000097f      0x1cb Src/hf.o
 .debug_abbrev  0x00000b4a      0x1ea Src/main.o
 .debug_abbrev  0x00000d34      0x101 Src/stm32f0xx_hal_msp.o
 .debug_abbrev  0x00000e35       0x95 Src/stm32f0xx_it.o

.debug_aranges  0x00000000      0x2f8
 .debug_aranges
                0x00000000       0x28 Application/SW4STM32/startup_stm32f072xb.o
 .debug_aranges
                0x00000028       0x28 Drivers/CMSIS/system_stm32f0xx.o
 .debug_aranges
                0x00000050       0x98 Drivers/STM32F0xx_HAL_Driver/stm32f0xx_hal.o
 .debug_aranges
                0x000000e8       0x78 Drivers/STM32F0xx_HAL_Driver/stm32f0xx_hal_cortex.o
 .debug_aranges
                0x00000160       0x58 Drivers/STM32F0xx_HAL_Driver/stm32f0xx_hal_gpio.o
 .debug_aranges
                0x000001b8       0x80 Drivers/STM32F0xx_HAL_Driver/stm32f0xx_hal_rcc.o
 .debug_aranges
                0x00000238       0x48 Src/hf.o
 .debug_aranges
                0x00000280       0x30 Src/main.o
 .debug_aranges
                0x000002b0       0x20 Src/stm32f0xx_hal_msp.o
 .debug_aranges
                0x000002d0       0x28 Src/stm32f0xx_it.o

.debug_ranges   0x00000000      0x3e8
 .debug_ranges  0x00000000       0x20 Application/SW4STM32/startup_stm32f072xb.o
 .debug_ranges  0x00000020       0x18 Drivers/CMSIS/system_stm32f0xx.o
 .debug_ranges  0x00000038       0x88 Drivers/STM32F0xx_HAL_Driver/stm32f0xx_hal.o
 .debug_ranges  0x000000c0       0xe8 Drivers/STM32F0xx_HAL_Driver/stm32f0xx_hal_cortex.o
 .debug_ranges  0x000001a8       0x68 Drivers/STM32F0xx_HAL_Driver/stm32f0xx_hal_gpio.o
 .debug_ranges  0x00000210       0xb0 Drivers/STM32F0xx_HAL_Driver/stm32f0xx_hal_rcc.o
 .debug_ranges  0x000002c0       0x38 Src/hf.o
 .debug_ranges  0x000002f8       0x88 Src/main.o
 .debug_ranges  0x00000380       0x50 Src/stm32f0xx_hal_msp.o
 .debug_ranges  0x000003d0       0x18 Src/stm32f0xx_it.o

.debug_loc      0x00000000      0xd2f
 .debug_loc     0x00000000       0xe1 Drivers/CMSIS/system_stm32f0xx.o
 .debug_loc     0x000000e1       0x6a Drivers/STM32F0xx_HAL_Driver/stm32f0xx_hal.o
 .debug_loc     0x0000014b      0x3da Drivers/STM32F0xx_HAL_Driver/stm32f0xx_hal_cortex.o
 .debug_loc     0x00000525      0x2fc Drivers/STM32F0xx_HAL_Driver/stm32f0xx_hal_gpio.o
 .debug_loc     0x00000821      0x48a Drivers/STM32F0xx_HAL_Driver/stm32f0xx_hal_rcc.o
 .debug_loc     0x00000cab       0x84 Src/hf.o

.debug_macro    0x00000000    0x1857d
 .debug_macro   0x00000000      0x2d9 Drivers/CMSIS/system_stm32f0xx.o
 .debug_macro   0x000002d9      0x838 Drivers/CMSIS/system_stm32f0xx.o
 .debug_macro   0x00000b11       0x2e Drivers/CMSIS/system_stm32f0xx.o
 .debug_macro   0x00000b3f       0x22 Drivers/CMSIS/system_stm32f0xx.o
 .debug_macro   0x00000b61       0x22 Drivers/CMSIS/system_stm32f0xx.o
 .debug_macro   0x00000b83       0x87 Drivers/CMSIS/system_stm32f0xx.o
 .debug_macro   0x00000c0a       0x44 Drivers/CMSIS/system_stm32f0xx.o
 .debug_macro   0x00000c4e       0xfd Drivers/CMSIS/system_stm32f0xx.o
 .debug_macro   0x00000d4b       0x5e Drivers/CMSIS/system_stm32f0xx.o
 .debug_macro   0x00000da9      0x1df Drivers/CMSIS/system_stm32f0xx.o
 .debug_macro   0x00000f88       0x34 Drivers/CMSIS/system_stm32f0xx.o
 .debug_macro   0x00000fbc       0x26 Drivers/CMSIS/system_stm32f0xx.o
 .debug_macro   0x00000fe2      0x30d Drivers/CMSIS/system_stm32f0xx.o
 .debug_macro   0x000012ef     0xfce4 Drivers/CMSIS/system_stm32f0xx.o
 .debug_macro   0x00010fd3       0x3c Drivers/CMSIS/system_stm32f0xx.o
 .debug_macro   0x0001100f       0x52 Drivers/CMSIS/system_stm32f0xx.o
 .debug_macro   0x00011061       0x98 Drivers/CMSIS/system_stm32f0xx.o
 .debug_macro   0x000110f9     0x3398 Drivers/CMSIS/system_stm32f0xx.o
 .debug_macro   0x00014491       0x52 Drivers/CMSIS/system_stm32f0xx.o
 .debug_macro   0x000144e3       0x35 Drivers/CMSIS/system_stm32f0xx.o
 .debug_macro   0x00014518       0x9c Drivers/CMSIS/system_stm32f0xx.o
 .debug_macro   0x000145b4       0x16 Drivers/CMSIS/system_stm32f0xx.o
 .debug_macro   0x000145ca       0x97 Drivers/CMSIS/system_stm32f0xx.o
 .debug_macro   0x00014661      0x30d Drivers/CMSIS/system_stm32f0xx.o
 .debug_macro   0x0001496e       0xfd Drivers/CMSIS/system_stm32f0xx.o
 .debug_macro   0x00014a6b       0x10 Drivers/CMSIS/system_stm32f0xx.o
 .debug_macro   0x00014a7b       0x52 Drivers/CMSIS/system_stm32f0xx.o
 .debug_macro   0x00014acd       0x1f Drivers/CMSIS/system_stm32f0xx.o
 .debug_macro   0x00014aec       0x43 Drivers/CMSIS/system_stm32f0xx.o
 .debug_macro   0x00014b2f       0x20 Drivers/CMSIS/system_stm32f0xx.o
 .debug_macro   0x00014b4f      0x187 Drivers/CMSIS/system_stm32f0xx.o
 .debug_macro   0x00014cd6       0x10 Drivers/CMSIS/system_stm32f0xx.o
 .debug_macro   0x00014ce6       0x1c Drivers/CMSIS/system_stm32f0xx.o
 .debug_macro   0x00014d02       0x52 Drivers/CMSIS/system_stm32f0xx.o
 .debug_macro   0x00014d54       0x40 Drivers/CMSIS/system_stm32f0xx.o
 .debug_macro   0x00014d94       0x10 Drivers/CMSIS/system_stm32f0xx.o
 .debug_macro   0x00014da4       0x40 Drivers/CMSIS/system_stm32f0xx.o
 .debug_macro   0x00014de4       0xd7 Drivers/CMSIS/system_stm32f0xx.o
 .debug_macro   0x00014ebb       0x16 Drivers/CMSIS/system_stm32f0xx.o
 .debug_macro   0x00014ed1      0x189 Drivers/CMSIS/system_stm32f0xx.o
 .debug_macro   0x0001505a       0x49 Drivers/CMSIS/system_stm32f0xx.o
 .debug_macro   0x000150a3      0x953 Drivers/CMSIS/system_stm32f0xx.o
 .debug_macro   0x000159f6      0x5f3 Drivers/CMSIS/system_stm32f0xx.o
 .debug_macro   0x00015fe9      0x13a Drivers/CMSIS/system_stm32f0xx.o
 .debug_macro   0x00016123      0x1a7 Drivers/CMSIS/system_stm32f0xx.o
 .debug_macro   0x000162ca      0x225 Drivers/CMSIS/system_stm32f0xx.o
 .debug_macro   0x000164ef       0x34 Drivers/CMSIS/system_stm32f0xx.o
 .debug_macro   0x00016523       0x43 Drivers/CMSIS/system_stm32f0xx.o
 .debug_macro   0x00016566       0x29 Drivers/CMSIS/system_stm32f0xx.o
 .debug_macro   0x0001658f       0xb6 Drivers/CMSIS/system_stm32f0xx.o
 .debug_macro   0x00016645      0x217 Drivers/CMSIS/system_stm32f0xx.o
 .debug_macro   0x0001685c      0x202 Drivers/CMSIS/system_stm32f0xx.o
 .debug_macro   0x00016a5e       0x4f Drivers/CMSIS/system_stm32f0xx.o
 .debug_macro   0x00016aad       0x90 Drivers/CMSIS/system_stm32f0xx.o
 .debug_macro   0x00016b3d       0x4d Drivers/CMSIS/system_stm32f0xx.o
 .debug_macro   0x00016b8a      0x16d Drivers/CMSIS/system_stm32f0xx.o
 .debug_macro   0x00016cf7      0x129 Drivers/CMSIS/system_stm32f0xx.o
 .debug_macro   0x00016e20      0x2fd Drivers/STM32F0xx_HAL_Driver/stm32f0xx_hal.o
 .debug_macro   0x0001711d      0x2d9 Drivers/STM32F0xx_HAL_Driver/stm32f0xx_hal_cortex.o
 .debug_macro   0x000173f6      0x312 Drivers/STM32F0xx_HAL_Driver/stm32f0xx_hal_gpio.o
 .debug_macro   0x00017708      0x2eb Drivers/STM32F0xx_HAL_Driver/stm32f0xx_hal_rcc.o
 .debug_macro   0x000179f3      0x2dd Src/hf.o
 .debug_macro   0x00017cd0      0x2e7 Src/main.o
 .debug_macro   0x00017fb7      0x2d9 Src/stm32f0xx_hal_msp.o
 .debug_macro   0x00018290      0x2ed Src/stm32f0xx_it.o

.debug_str      0x00000000    0x870cd
 .debug_str     0x00000000    0x86130 Drivers/CMSIS/system_stm32f0xx.o
                              0x863b5 (size before relaxing)
 .debug_str     0x00086130      0x4a8 Drivers/STM32F0xx_HAL_Driver/stm32f0xx_hal.o
                              0x8687f (size before relaxing)
 .debug_str     0x000865d8      0x211 Drivers/STM32F0xx_HAL_Driver/stm32f0xx_hal_cortex.o
                              0x8675f (size before relaxing)
 .debug_str     0x000867e9      0x316 Drivers/STM32F0xx_HAL_Driver/stm32f0xx_hal_gpio.o
                              0x86637 (size before relaxing)
 .debug_str     0x00086aff      0x36b Drivers/STM32F0xx_HAL_Driver/stm32f0xx_hal_rcc.o
                              0x867aa (size before relaxing)
 .debug_str     0x00086e6a      0x19c Src/hf.o
                              0x86491 (size before relaxing)
 .debug_str     0x00087006       0x59 Src/main.o
                              0x867a8 (size before relaxing)
 .debug_str     0x0008705f       0x27 Src/stm32f0xx_hal_msp.o
                              0x864fc (size before relaxing)
 .debug_str     0x00087086       0x47 Src/stm32f0xx_it.o
                              0x862e1 (size before relaxing)

.comment        0x00000000       0x6e
 .comment       0x00000000       0x6e Drivers/CMSIS/system_stm32f0xx.o
                                 0x6f (size before relaxing)
 .comment       0x0000006e       0x6f Drivers/STM32F0xx_HAL_Driver/stm32f0xx_hal.o
 .comment       0x0000006e       0x6f Drivers/STM32F0xx_HAL_Driver/stm32f0xx_hal_cortex.o
 .comment       0x0000006e       0x6f Drivers/STM32F0xx_HAL_Driver/stm32f0xx_hal_gpio.o
 .comment       0x0000006e       0x6f Drivers/STM32F0xx_HAL_Driver/stm32f0xx_hal_rcc.o
 .comment       0x0000006e       0x6f Src/hf.o
 .comment       0x0000006e       0x6f Src/main.o
 .comment       0x0000006e       0x6f Src/stm32f0xx_hal_msp.o
 .comment       0x0000006e       0x6f Src/stm32f0xx_it.o

.debug_frame    0x00000000      0x640
 .debug_frame   0x00000000       0x3c Drivers/CMSIS/system_stm32f0xx.o
 .debug_frame   0x0000003c      0x144 Drivers/STM32F0xx_HAL_Driver/stm32f0xx_hal.o
 .debug_frame   0x00000180       0xe4 Drivers/STM32F0xx_HAL_Driver/stm32f0xx_hal_cortex.o
 .debug_frame   0x00000264       0xbc Drivers/STM32F0xx_HAL_Driver/stm32f0xx_hal_gpio.o
 .debug_frame   0x00000320      0x130 Drivers/STM32F0xx_HAL_Driver/stm32f0xx_hal_rcc.o
 .debug_frame   0x00000450       0xac Src/hf.o
 .debug_frame   0x000004fc       0x5c Src/main.o
 .debug_frame   0x00000558       0x2c Src/stm32f0xx_hal_msp.o
 .debug_frame   0x00000584       0x48 Src/stm32f0xx_it.o
 .debug_frame   0x000005cc       0x20 /home/mdube/.eclipse/org.eclipse.platform_4.6.1_155965261_linux_gtk_x86_64/plugins/fr.ac6.mcu.externaltools.arm-none.linux64_1.11.0.201610101240/tools/gcc-arm-none-eabi-5_4-2016q2/bin/../lib/gcc/arm-none-eabi/5.4.1/armv6-m/libgcc.a(_udivsi3.o)
 .debug_frame   0x000005ec       0x2c /home/mdube/.eclipse/org.eclipse.platform_4.6.1_155965261_linux_gtk_x86_64/plugins/fr.ac6.mcu.externaltools.arm-none.linux64_1.11.0.201610101240/tools/gcc-arm-none-eabi-5_4-2016q2/bin/../lib/gcc/arm-none-eabi/5.4.1/../../../../arm-none-eabi/lib/armv6-m/libc_nano.a(lib_a-init.o)
 .debug_frame   0x00000618       0x28 /home/mdube/.eclipse/org.eclipse.platform_4.6.1_155965261_linux_gtk_x86_64/plugins/fr.ac6.mcu.externaltools.arm-none.linux64_1.11.0.201610101240/tools/gcc-arm-none-eabi-5_4-2016q2/bin/../lib/gcc/arm-none-eabi/5.4.1/../../../../arm-none-eabi/lib/armv6-m/libc_nano.a(lib_a-memcpy-stub.o)
